<?xml version="1.0" encoding="UTF-8"?>
<testsuites name="Mocha Tests" time="45.3470" tests="92" failures="0">
  <testsuite name="Root Suite" timestamp="2022-01-10T04:10:55" tests="0" time="0.0000" failures="0">
  </testsuite>
  <testsuite name="Core" timestamp="2022-01-10T04:10:55" tests="0" file="/home/caleb/fei-protocol-core/test/unit/core/Core.test.ts" time="0.0000" failures="0">
  </testsuite>
  <testsuite name="Allocate Tribe" timestamp="2022-01-10T04:10:58" tests="3" file="/home/caleb/fei-protocol-core/test/unit/core/Core.test.ts" time="1.7350" failures="0">
    <testcase name="Core Allocate Tribe updates" time="0.0550" classname="updates">
    </testcase>
    <testcase name="Core Allocate Tribe not enough reverts" time="0.0180" classname="not enough reverts">
    </testcase>
    <testcase name="Core Allocate Tribe non governor reverts" time="0.0130" classname="non governor reverts">
    </testcase>
  </testsuite>
  <testsuite name="Fei Update" timestamp="2022-01-10T04:11:00" tests="2" file="/home/caleb/fei-protocol-core/test/unit/core/Core.test.ts" time="0.9800" failures="0">
    <testcase name="Core Fei Update updates" time="0.0260" classname="updates">
    </testcase>
    <testcase name="Core Fei Update non governor reverts" time="0.0120" classname="non governor reverts">
    </testcase>
  </testsuite>
  <testsuite name="Tribe Update" timestamp="2022-01-10T04:11:01" tests="2" file="/home/caleb/fei-protocol-core/test/unit/core/Core.test.ts" time="0.9140" failures="0">
    <testcase name="Core Tribe Update updates" time="0.0240" classname="updates">
    </testcase>
    <testcase name="Core Tribe Update non governor reverts" time="0.0120" classname="non governor reverts">
    </testcase>
  </testsuite>
  <testsuite name="Minter" timestamp="2022-01-10T04:11:02" tests="0" file="/home/caleb/fei-protocol-core/test/unit/core/Core.test.ts" time="0.0000" failures="0">
  </testsuite>
  <testsuite name="Role" timestamp="2022-01-10T04:11:02" tests="0" file="/home/caleb/fei-protocol-core/test/unit/core/Core.test.ts" time="0.0000" failures="0">
  </testsuite>
  <testsuite name="Has access" timestamp="2022-01-10T04:11:02" tests="1" file="/home/caleb/fei-protocol-core/test/unit/core/Core.test.ts" time="0.4620" failures="0">
    <testcase name="Core Minter Role Has access is registered in core" time="0.0050" classname="is registered in core">
    </testcase>
  </testsuite>
  <testsuite name="Access revoked" timestamp="2022-01-10T04:11:02" tests="1" file="/home/caleb/fei-protocol-core/test/unit/core/Core.test.ts" time="0.5490" failures="0">
    <testcase name="Core Minter Role Access revoked is not registered in core" time="0.0040" classname="is not registered in core">
    </testcase>
  </testsuite>
  <testsuite name="Access renounced" timestamp="2022-01-10T04:11:03" tests="1" file="/home/caleb/fei-protocol-core/test/unit/core/Core.test.ts" time="0.5200" failures="0">
    <testcase name="Core Minter Role Access renounced is not registered in core" time="0.0020" classname="is not registered in core">
    </testcase>
  </testsuite>
  <testsuite name="Member Count" timestamp="2022-01-10T04:11:04" tests="2" file="/home/caleb/fei-protocol-core/test/unit/core/Core.test.ts" time="0.9210" failures="0">
    <testcase name="Core Minter Role Member Count is one" time="0.0050" classname="is one">
    </testcase>
    <testcase name="Core Minter Role Member Count updates to two" time="0.0290" classname="updates to two">
    </testcase>
  </testsuite>
  <testsuite name="Admin" timestamp="2022-01-10T04:11:04" tests="1" file="/home/caleb/fei-protocol-core/test/unit/core/Core.test.ts" time="0.4750" failures="0">
    <testcase name="Core Minter Role Admin is governor" time="0.0050" classname="is governor">
    </testcase>
  </testsuite>
  <testsuite name="Access" timestamp="2022-01-10T04:11:05" tests="5" file="/home/caleb/fei-protocol-core/test/unit/core/Core.test.ts" time="2.1950" failures="0">
    <testcase name="Core Minter Access onlyMinter succeeds" time="0.0090" classname="onlyMinter succeeds">
    </testcase>
    <testcase name="Core Minter Access onlyBurner reverts" time="0.0070" classname="onlyBurner reverts">
    </testcase>
    <testcase name="Core Minter Access onlyGovernor reverts" time="0.0070" classname="onlyGovernor reverts">
    </testcase>
    <testcase name="Core Minter Access onlyGovernorOrAdmin reverts" time="0.0070" classname="onlyGovernorOrAdmin reverts">
    </testcase>
    <testcase name="Core Minter Access onlyPCVController reverts" time="0.0060" classname="onlyPCVController reverts">
    </testcase>
  </testsuite>
  <testsuite name="Burner" timestamp="2022-01-10T04:11:07" tests="0" file="/home/caleb/fei-protocol-core/test/unit/core/Core.test.ts" time="0.0000" failures="0">
  </testsuite>
  <testsuite name="Role" timestamp="2022-01-10T04:11:07" tests="0" file="/home/caleb/fei-protocol-core/test/unit/core/Core.test.ts" time="0.0000" failures="0">
  </testsuite>
  <testsuite name="Has access" timestamp="2022-01-10T04:11:07" tests="1" file="/home/caleb/fei-protocol-core/test/unit/core/Core.test.ts" time="0.4400" failures="0">
    <testcase name="Core Burner Role Has access is registered in core" time="0.0050" classname="is registered in core">
    </testcase>
  </testsuite>
  <testsuite name="Access revoked" timestamp="2022-01-10T04:11:08" tests="1" file="/home/caleb/fei-protocol-core/test/unit/core/Core.test.ts" time="0.4820" failures="0">
    <testcase name="Core Burner Role Access revoked is not registered in core" time="0.0030" classname="is not registered in core">
    </testcase>
  </testsuite>
  <testsuite name="Access renounced" timestamp="2022-01-10T04:11:08" tests="1" file="/home/caleb/fei-protocol-core/test/unit/core/Core.test.ts" time="0.4840" failures="0">
    <testcase name="Core Burner Role Access renounced is not registered in core" time="0.0030" classname="is not registered in core">
    </testcase>
  </testsuite>
  <testsuite name="Member Count" timestamp="2022-01-10T04:11:09" tests="2" file="/home/caleb/fei-protocol-core/test/unit/core/Core.test.ts" time="0.9310" failures="0">
    <testcase name="Core Burner Role Member Count is one" time="0.0060" classname="is one">
    </testcase>
    <testcase name="Core Burner Role Member Count updates to two" time="0.0350" classname="updates to two">
    </testcase>
  </testsuite>
  <testsuite name="Admin" timestamp="2022-01-10T04:11:09" tests="1" file="/home/caleb/fei-protocol-core/test/unit/core/Core.test.ts" time="0.4650" failures="0">
    <testcase name="Core Burner Role Admin is governor" time="0.0040" classname="is governor">
    </testcase>
  </testsuite>
  <testsuite name="Access" timestamp="2022-01-10T04:11:10" tests="5" file="/home/caleb/fei-protocol-core/test/unit/core/Core.test.ts" time="2.0000" failures="0">
    <testcase name="Core Burner Access onlyMinter reverts" time="0.0070" classname="onlyMinter reverts">
    </testcase>
    <testcase name="Core Burner Access onlyBurner succeeds" time="0.0050" classname="onlyBurner succeeds">
    </testcase>
    <testcase name="Core Burner Access onlyGovernor reverts" time="0.0060" classname="onlyGovernor reverts">
    </testcase>
    <testcase name="Core Burner Access onlyGovernorOrAdmin reverts" time="0.0070" classname="onlyGovernorOrAdmin reverts">
    </testcase>
    <testcase name="Core Burner Access onlyPCVController reverts" time="0.0070" classname="onlyPCVController reverts">
    </testcase>
  </testsuite>
  <testsuite name="PCV Controller" timestamp="2022-01-10T04:11:12" tests="0" file="/home/caleb/fei-protocol-core/test/unit/core/Core.test.ts" time="0.0000" failures="0">
  </testsuite>
  <testsuite name="Role" timestamp="2022-01-10T04:11:12" tests="0" file="/home/caleb/fei-protocol-core/test/unit/core/Core.test.ts" time="0.0000" failures="0">
  </testsuite>
  <testsuite name="Has access" timestamp="2022-01-10T04:11:12" tests="1" file="/home/caleb/fei-protocol-core/test/unit/core/Core.test.ts" time="0.3870" failures="0">
    <testcase name="Core PCV Controller Role Has access is registered in core" time="0.0050" classname="is registered in core">
    </testcase>
  </testsuite>
  <testsuite name="Access revoked" timestamp="2022-01-10T04:11:12" tests="1" file="/home/caleb/fei-protocol-core/test/unit/core/Core.test.ts" time="0.4600" failures="0">
    <testcase name="Core PCV Controller Role Access revoked is not registered in core" time="0.0030" classname="is not registered in core">
    </testcase>
  </testsuite>
  <testsuite name="Access renounced" timestamp="2022-01-10T04:11:13" tests="1" file="/home/caleb/fei-protocol-core/test/unit/core/Core.test.ts" time="0.4560" failures="0">
    <testcase name="Core PCV Controller Role Access renounced is not registered in core" time="0.0040" classname="is not registered in core">
    </testcase>
  </testsuite>
  <testsuite name="Member Count" timestamp="2022-01-10T04:11:13" tests="2" file="/home/caleb/fei-protocol-core/test/unit/core/Core.test.ts" time="0.8130" failures="0">
    <testcase name="Core PCV Controller Role Member Count is one" time="0.0060" classname="is one">
    </testcase>
    <testcase name="Core PCV Controller Role Member Count updates to two" time="0.0280" classname="updates to two">
    </testcase>
  </testsuite>
  <testsuite name="Admin" timestamp="2022-01-10T04:11:14" tests="1" file="/home/caleb/fei-protocol-core/test/unit/core/Core.test.ts" time="0.3850" failures="0">
    <testcase name="Core PCV Controller Role Admin is governor" time="0.0050" classname="is governor">
    </testcase>
  </testsuite>
  <testsuite name="Access" timestamp="2022-01-10T04:11:14" tests="5" file="/home/caleb/fei-protocol-core/test/unit/core/Core.test.ts" time="2.0040" failures="0">
    <testcase name="Core PCV Controller Access onlyMinter reverts" time="0.0070" classname="onlyMinter reverts">
    </testcase>
    <testcase name="Core PCV Controller Access onlyBurner reverts" time="0.0070" classname="onlyBurner reverts">
    </testcase>
    <testcase name="Core PCV Controller Access onlyGovernor reverts" time="0.0060" classname="onlyGovernor reverts">
    </testcase>
    <testcase name="Core PCV Controller Access onlyGovernorOrAdmin reverts" time="0.0070" classname="onlyGovernorOrAdmin reverts">
    </testcase>
    <testcase name="Core PCV Controller Access onlyPCVController succeeds" time="0.0070" classname="onlyPCVController succeeds">
    </testcase>
  </testsuite>
  <testsuite name="Governor" timestamp="2022-01-10T04:11:16" tests="0" file="/home/caleb/fei-protocol-core/test/unit/core/Core.test.ts" time="0.0000" failures="0">
  </testsuite>
  <testsuite name="Role" timestamp="2022-01-10T04:11:16" tests="0" file="/home/caleb/fei-protocol-core/test/unit/core/Core.test.ts" time="0.0000" failures="0">
  </testsuite>
  <testsuite name="Has access" timestamp="2022-01-10T04:11:16" tests="1" file="/home/caleb/fei-protocol-core/test/unit/core/Core.test.ts" time="0.3890" failures="0">
    <testcase name="Core Governor Role Has access is registered in core" time="0.0040" classname="is registered in core">
    </testcase>
  </testsuite>
  <testsuite name="Access revoked" timestamp="2022-01-10T04:11:17" tests="1" file="/home/caleb/fei-protocol-core/test/unit/core/Core.test.ts" time="0.4750" failures="0">
    <testcase name="Core Governor Role Access revoked is not registered in core" time="0.0030" classname="is not registered in core">
    </testcase>
  </testsuite>
  <testsuite name="Access renounced" timestamp="2022-01-10T04:11:17" tests="1" file="/home/caleb/fei-protocol-core/test/unit/core/Core.test.ts" time="0.4630" failures="0">
    <testcase name="Core Governor Role Access renounced is not registered in core" time="0.0030" classname="is not registered in core">
    </testcase>
  </testsuite>
  <testsuite name="Member Count" timestamp="2022-01-10T04:11:18" tests="2" file="/home/caleb/fei-protocol-core/test/unit/core/Core.test.ts" time="0.8020" failures="0">
    <testcase name="Core Governor Role Member Count is one" time="0.0050" classname="is one">
    </testcase>
    <testcase name="Core Governor Role Member Count updates to two" time="0.0280" classname="updates to two">
    </testcase>
  </testsuite>
  <testsuite name="Admin" timestamp="2022-01-10T04:11:19" tests="1" file="/home/caleb/fei-protocol-core/test/unit/core/Core.test.ts" time="0.3850" failures="0">
    <testcase name="Core Governor Role Admin is governor" time="0.0040" classname="is governor">
    </testcase>
  </testsuite>
  <testsuite name="Access" timestamp="2022-01-10T04:11:19" tests="4" file="/home/caleb/fei-protocol-core/test/unit/core/Core.test.ts" time="1.5650" failures="0">
    <testcase name="Core Governor Access onlyMinter reverts" time="0.0070" classname="onlyMinter reverts">
    </testcase>
    <testcase name="Core Governor Access onlyBurner reverts" time="0.0060" classname="onlyBurner reverts">
    </testcase>
    <testcase name="Core Governor Access onlyGovernor succeeds" time="0.0060" classname="onlyGovernor succeeds">
    </testcase>
    <testcase name="Core Governor Access onlyPCVController reverts" time="0.0050" classname="onlyPCVController reverts">
    </testcase>
  </testsuite>
  <testsuite name="Access Control" timestamp="2022-01-10T04:11:21" tests="0" file="/home/caleb/fei-protocol-core/test/unit/core/Core.test.ts" time="0.0000" failures="0">
  </testsuite>
  <testsuite name="Minter" timestamp="2022-01-10T04:11:21" tests="2" file="/home/caleb/fei-protocol-core/test/unit/core/Core.test.ts" time="0.8750" failures="0">
    <testcase name="Core Governor Access Control Minter can grant" time="0.0290" classname="can grant">
    </testcase>
    <testcase name="Core Governor Access Control Minter can revoke" time="0.0840" classname="can revoke">
    </testcase>
  </testsuite>
  <testsuite name="Burner" timestamp="2022-01-10T04:11:21" tests="2" file="/home/caleb/fei-protocol-core/test/unit/core/Core.test.ts" time="0.9160" failures="0">
    <testcase name="Core Governor Access Control Burner can grant" time="0.0240" classname="can grant">
    </testcase>
    <testcase name="Core Governor Access Control Burner can revoke" time="0.0850" classname="can revoke">
    </testcase>
  </testsuite>
  <testsuite name="PCV Controller" timestamp="2022-01-10T04:11:22" tests="2" file="/home/caleb/fei-protocol-core/test/unit/core/Core.test.ts" time="0.9040" failures="0">
    <testcase name="Core Governor Access Control PCV Controller can grant" time="0.0300" classname="can grant">
    </testcase>
    <testcase name="Core Governor Access Control PCV Controller can revoke" time="0.0800" classname="can revoke">
    </testcase>
  </testsuite>
  <testsuite name="Governor" timestamp="2022-01-10T04:11:23" tests="2" file="/home/caleb/fei-protocol-core/test/unit/core/Core.test.ts" time="0.9370" failures="0">
    <testcase name="Core Governor Access Control Governor can grant" time="0.0320" classname="can grant">
    </testcase>
    <testcase name="Core Governor Access Control Governor can revoke" time="0.0850" classname="can revoke">
    </testcase>
  </testsuite>
  <testsuite name="Guardian" timestamp="2022-01-10T04:11:24" tests="0" file="/home/caleb/fei-protocol-core/test/unit/core/Core.test.ts" time="0.0000" failures="0">
  </testsuite>
  <testsuite name="Role" timestamp="2022-01-10T04:11:24" tests="0" file="/home/caleb/fei-protocol-core/test/unit/core/Core.test.ts" time="0.0000" failures="0">
  </testsuite>
  <testsuite name="Has access" timestamp="2022-01-10T04:11:24" tests="1" file="/home/caleb/fei-protocol-core/test/unit/core/Core.test.ts" time="0.4130" failures="0">
    <testcase name="Core Guardian Role Has access is registered in core" time="0.0050" classname="is registered in core">
    </testcase>
  </testsuite>
  <testsuite name="Access revoked" timestamp="2022-01-10T04:11:25" tests="1" file="/home/caleb/fei-protocol-core/test/unit/core/Core.test.ts" time="0.4990" failures="0">
    <testcase name="Core Guardian Role Access revoked is not registered in core" time="0.0030" classname="is not registered in core">
    </testcase>
  </testsuite>
  <testsuite name="Access renounced" timestamp="2022-01-10T04:11:25" tests="1" file="/home/caleb/fei-protocol-core/test/unit/core/Core.test.ts" time="0.4970" failures="0">
    <testcase name="Core Guardian Role Access renounced is not registered in core" time="0.0040" classname="is not registered in core">
    </testcase>
  </testsuite>
  <testsuite name="Member Count" timestamp="2022-01-10T04:11:26" tests="2" file="/home/caleb/fei-protocol-core/test/unit/core/Core.test.ts" time="0.8540" failures="0">
    <testcase name="Core Guardian Role Member Count is one" time="0.0060" classname="is one">
    </testcase>
    <testcase name="Core Guardian Role Member Count updates to two" time="0.0290" classname="updates to two">
    </testcase>
  </testsuite>
  <testsuite name="Admin" timestamp="2022-01-10T04:11:26" tests="1" file="/home/caleb/fei-protocol-core/test/unit/core/Core.test.ts" time="0.4080" failures="0">
    <testcase name="Core Guardian Role Admin is governor" time="0.0050" classname="is governor">
    </testcase>
  </testsuite>
  <testsuite name="Access" timestamp="2022-01-10T04:11:27" tests="5" file="/home/caleb/fei-protocol-core/test/unit/core/Core.test.ts" time="2.0440" failures="0">
    <testcase name="Core Guardian Access onlyMinter reverts" time="0.0060" classname="onlyMinter reverts">
    </testcase>
    <testcase name="Core Guardian Access onlyBurner reverts" time="0.0060" classname="onlyBurner reverts">
    </testcase>
    <testcase name="Core Guardian Access onlyGovernor reverts" time="0.0070" classname="onlyGovernor reverts">
    </testcase>
    <testcase name="Core Guardian Access onlyGovernorOrAdmin reverts" time="0.0070" classname="onlyGovernorOrAdmin reverts">
    </testcase>
    <testcase name="Core Guardian Access onlyPCVController reverts" time="0.0050" classname="onlyPCVController reverts">
    </testcase>
  </testsuite>
  <testsuite name="Access Control" timestamp="2022-01-10T04:11:29" tests="0" file="/home/caleb/fei-protocol-core/test/unit/core/Core.test.ts" time="0.0000" failures="0">
  </testsuite>
  <testsuite name="Non-Guardian" timestamp="2022-01-10T04:11:29" tests="1" file="/home/caleb/fei-protocol-core/test/unit/core/Core.test.ts" time="0.4100" failures="0">
    <testcase name="Core Guardian Access Control Non-Guardian cannot revoke" time="0.0120" classname="cannot revoke">
    </testcase>
  </testsuite>
  <testsuite name="Guardian" timestamp="2022-01-10T04:11:29" tests="5" file="/home/caleb/fei-protocol-core/test/unit/core/Core.test.ts" time="2.6400" failures="0">
    <testcase name="Core Guardian Access Control Guardian can revoke minter" time="0.0960" classname="can revoke minter">
    </testcase>
    <testcase name="Core Guardian Access Control Guardian can revoke burner" time="0.0860" classname="can revoke burner">
    </testcase>
    <testcase name="Core Guardian Access Control Guardian can revoke pcv controller" time="0.1360" classname="can revoke pcv controller">
    </testcase>
    <testcase name="Core Guardian Access Control Guardian cannot revoke governor" time="0.0160" classname="cannot revoke governor">
    </testcase>
    <testcase name="Core Guardian Access Control Guardian can revoke contract admin" time="0.1470" classname="can revoke contract admin">
    </testcase>
  </testsuite>
  <testsuite name="Contract Admin" timestamp="2022-01-10T04:11:32" tests="0" file="/home/caleb/fei-protocol-core/test/unit/core/Core.test.ts" time="0.0000" failures="0">
  </testsuite>
  <testsuite name="Role" timestamp="2022-01-10T04:11:32" tests="0" file="/home/caleb/fei-protocol-core/test/unit/core/Core.test.ts" time="0.0000" failures="0">
  </testsuite>
  <testsuite name="Has access" timestamp="2022-01-10T04:11:32" tests="1" file="/home/caleb/fei-protocol-core/test/unit/core/Core.test.ts" time="0.5420" failures="0">
    <testcase name="Core Contract Admin Role Has access is registered in core" time="0.0070" classname="is registered in core">
    </testcase>
  </testsuite>
  <testsuite name="Access renounced" timestamp="2022-01-10T04:11:32" tests="1" file="/home/caleb/fei-protocol-core/test/unit/core/Core.test.ts" time="0.5500" failures="0">
    <testcase name="Core Contract Admin Role Access renounced is not registered in core" time="0.0030" classname="is not registered in core">
    </testcase>
  </testsuite>
  <testsuite name="Member Count" timestamp="2022-01-10T04:11:33" tests="2" file="/home/caleb/fei-protocol-core/test/unit/core/Core.test.ts" time="0.9540" failures="0">
    <testcase name="Core Contract Admin Role Member Count is one" time="0.0040" classname="is one">
    </testcase>
    <testcase name="Core Contract Admin Role Member Count updates to two" time="0.0260" classname="updates to two">
    </testcase>
  </testsuite>
  <testsuite name="Admin" timestamp="2022-01-10T04:11:34" tests="1" file="/home/caleb/fei-protocol-core/test/unit/core/Core.test.ts" time="0.4630" failures="0">
    <testcase name="Core Contract Admin Role Admin is governor" time="0.0040" classname="is governor">
    </testcase>
  </testsuite>
  <testsuite name="Access" timestamp="2022-01-10T04:11:34" tests="5" file="/home/caleb/fei-protocol-core/test/unit/core/Core.test.ts" time="2.3360" failures="0">
    <testcase name="Core Contract Admin Access onlyMinter reverts" time="0.0040" classname="onlyMinter reverts">
    </testcase>
    <testcase name="Core Contract Admin Access onlyBurner reverts" time="0.0080" classname="onlyBurner reverts">
    </testcase>
    <testcase name="Core Contract Admin Access onlyGovernor reverts" time="0.0070" classname="onlyGovernor reverts">
    </testcase>
    <testcase name="Core Contract Admin Access onlyGovernorOrAdmin succeeds" time="0.0070" classname="onlyGovernorOrAdmin succeeds">
    </testcase>
    <testcase name="Core Contract Admin Access onlyPCVController reverts" time="0.0070" classname="onlyPCVController reverts">
    </testcase>
  </testsuite>
  <testsuite name="Access Control" timestamp="2022-01-10T04:11:37" tests="0" file="/home/caleb/fei-protocol-core/test/unit/core/Core.test.ts" time="0.0000" failures="0">
  </testsuite>
  <testsuite name="Non-Guardian" timestamp="2022-01-10T04:11:37" tests="1" file="/home/caleb/fei-protocol-core/test/unit/core/Core.test.ts" time="0.4640" failures="0">
    <testcase name="Core Contract Admin Access Control Non-Guardian cannot revoke" time="0.0100" classname="cannot revoke">
    </testcase>
  </testsuite>
  <testsuite name="Guardian" timestamp="2022-01-10T04:11:37" tests="4" file="/home/caleb/fei-protocol-core/test/unit/core/Core.test.ts" time="2.2960" failures="0">
    <testcase name="Core Contract Admin Access Control Guardian can revoke minter" time="0.0930" classname="can revoke minter">
    </testcase>
    <testcase name="Core Contract Admin Access Control Guardian can revoke burner" time="0.1130" classname="can revoke burner">
    </testcase>
    <testcase name="Core Contract Admin Access Control Guardian can revoke pcv controller" time="0.1000" classname="can revoke pcv controller">
    </testcase>
    <testcase name="Core Contract Admin Access Control Guardian cannot revoke governor" time="0.0140" classname="cannot revoke governor">
    </testcase>
  </testsuite>
  <testsuite name="Create Role" timestamp="2022-01-10T04:11:40" tests="2" file="/home/caleb/fei-protocol-core/test/unit/core/Core.test.ts" time="0.9390" failures="0">
    <testcase name="Core Create Role governor succeeds" time="0.0260" classname="governor succeeds">
    </testcase>
    <testcase name="Core Create Role non-governor fails" time="0.0120" classname="non-governor fails">
    </testcase>
  </testsuite>
</testsuites>